exports[`Converted CUrrency Grid Component should render the component 1`] = `
ShallowWrapper {
  Symbol(enzyme.__root__): [Circular],
  Symbol(enzyme.__unrendered__): <ConvertedCurrencyGrid
    currencyConversion={[Function]}
    props={
        Object {
            "loading": false,
          }
    }
    valuesTitle={
        Array [
            "Currency",
            "Unit Price",
            "Balance Total",
          ]
    } />,
  Symbol(enzyme.__renderer__): Object {
    "batchedUpdates": [Function],
    "checkPropTypes": [Function],
    "getNode": [Function],
    "render": [Function],
    "simulateError": [Function],
    "simulateEvent": [Function],
    "unmount": [Function],
  },
  Symbol(enzyme.__node__): Object {
    "instance": null,
    "key": undefined,
    "nodeType": "host",
    "props": Object {
      "children": <div
        className="row">
        <SimpleGridList
                loading={false}
                values={undefined}
                valuesRows={
                        Array [
                                "USD",
                                "$ 1.00",
                                "$ 1.34",
                              ]
                }
                valuesTitle={
                        Array [
                                "Currency",
                                "Unit Price",
                                "Balance Total",
                              ]
                } />
</div>,
    },
    "ref": null,
    "rendered": Object {
      "instance": null,
      "key": undefined,
      "nodeType": "host",
      "props": Object {
        "children": <SimpleGridList
          loading={false}
          values={undefined}
          valuesRows={
                    Array [
                              "USD",
                              "$ 1.00",
                              "$ 1.34",
                            ]
          }
          valuesTitle={
                    Array [
                              "Currency",
                              "Unit Price",
                              "Balance Total",
                            ]
          } />,
        "className": "row",
      },
      "ref": null,
      "rendered": Object {
        "instance": null,
        "key": undefined,
        "nodeType": "function",
        "props": Object {
          "loading": false,
          "values": undefined,
          "valuesRows": Array [
            "USD",
            "$ 1.00",
            "$ 1.34",
          ],
          "valuesTitle": Array [
            "Currency",
            "Unit Price",
            "Balance Total",
          ],
        },
        "ref": null,
        "rendered": null,
        "type": [Function],
      },
      "type": "div",
    },
    "type": "div",
  },
  Symbol(enzyme.__nodes__): Array [
    Object {
      "instance": null,
      "key": undefined,
      "nodeType": "host",
      "props": Object {
        "children": <div
          className="row">
          <SimpleGridList
                    loading={false}
                    values={undefined}
                    valuesRows={
                              Array [
                                        "USD",
                                        "$ 1.00",
                                        "$ 1.34",
                                      ]
                    }
                    valuesTitle={
                              Array [
                                        "Currency",
                                        "Unit Price",
                                        "Balance Total",
                                      ]
                    } />
</div>,
      },
      "ref": null,
      "rendered": Object {
        "instance": null,
        "key": undefined,
        "nodeType": "host",
        "props": Object {
          "children": <SimpleGridList
            loading={false}
            values={undefined}
            valuesRows={
                        Array [
                                    "USD",
                                    "$ 1.00",
                                    "$ 1.34",
                                  ]
            }
            valuesTitle={
                        Array [
                                    "Currency",
                                    "Unit Price",
                                    "Balance Total",
                                  ]
            } />,
          "className": "row",
        },
        "ref": null,
        "rendered": Object {
          "instance": null,
          "key": undefined,
          "nodeType": "function",
          "props": Object {
            "loading": false,
            "values": undefined,
            "valuesRows": Array [
              "USD",
              "$ 1.00",
              "$ 1.34",
            ],
            "valuesTitle": Array [
              "Currency",
              "Unit Price",
              "Balance Total",
            ],
          },
          "ref": null,
          "rendered": null,
          "type": [Function],
        },
        "type": "div",
      },
      "type": "div",
    },
  ],
  Symbol(enzyme.__options__): Object {
    "adapter": ReactSixteenAdapter {
      "options": Object {
        "enableComponentDidUpdateOnSetState": true,
        "legacyContextMode": "parent",
        "lifecycles": Object {
          "componentDidUpdate": Object {
            "onSetState": true,
          },
          "getChildContext": Object {
            "calledByRenderer": false,
          },
          "getDerivedStateFromProps": true,
          "getSnapshotBeforeUpdate": true,
          "setState": Object {
            "skipsComponentDidUpdateOnNullish": true,
          },
        },
      },
    },
  },
}
`;
